// Jest Snapshot v1, https://goo.gl/fbAQLP

exports[`Main component renders the home page by default 1`] = `
<div>
  <Navbar />
  <section
    className="banner"
  >
    <div
      className="Overlay"
    >
      <h2>
        Lost Puppers
      </h2>
      <p>
        Find your lost puppy today...
      </p>
      <button
        onClick={[Function]}
      >
        Get started
      </button>
    </div>
  </section>
  <section
    className="SecondLayer"
  >
    <div
      className="three_Icons"
    >
      <div>
        <Link
          to="/login"
        >
          <img
            alt="paw"
            src="dogBone.png"
          />
        </Link>
        <p>
          Lost your puppy, you came to the right place. Get started by clicking on the bone!
        </p>
      </div>
      <div>
        <Link
          to="/aboutus"
        >
          <img
            alt="community building"
            src="community.png"
          />
        </Link>
        <p>
          Interest in how this site came to life or just want to explore more about the creator. Click on the racon above!
        </p>
      </div>
      <div>
        <Link
          to="/find"
        >
          <img
            alt="map"
            src="map.png"
          />
        </Link>
        <p>
          Check the map to see if any puppies are wondering near you.
        </p>
      </div>
    </div>
  </section>
  <section
    className="ThirdLayer"
  >
    <div
      className="Third_Overlay"
    >
      <h2>
        Why use Lost Puppers?
      </h2>
      <p>
        Lost Puppers is the new way to help you locate your pup that may have gotten loose. And if you don't have a dog maybe you can help someone else out by finding their dog and earning a little bit of cash for yourself. Our pups are like our family and we will do anything to find them and get them back home safe. So why not work as a community and use Lost Puppers!
      </p>
      <div
        className="Main_lostDogs Row1"
      >
        <div
          className="lostDogCard"
        >
          <img
            alt="puppy"
            src="https://images.unsplash.com/photo-1523626797181-8c5ae80d40c2?ixlib=rb-1.2.1&ixid=eyJhcHBfaWQiOjEyMDd9&auto=format&fit=crop&w=500&q=60"
          />
        </div>
        <div
          className="lostDogCard mobile"
        >
          <img
            alt="puppy"
            src="https://images.unsplash.com/photo-1491604612772-6853927639ef?ixlib=rb-1.2.1&ixid=eyJhcHBfaWQiOjEyMDd9&auto=format&fit=crop&w=500&q=60"
          />
        </div>
      </div>
      <div
        className="Main_lostDogs Row2"
      >
        <div
          className="lostDogCard mobile"
        >
          <img
            alt="puppy"
            src="https://images.unsplash.com/photo-1504826260979-242151ee45b7?ixlib=rb-1.2.1&auto=format&fit=crop&w=500&q=60"
          />
        </div>
        <div
          className="lostDogCard"
        >
          <img
            alt="puppy"
            src="https://images.unsplash.com/photo-1558788353-f76d92427f16?ixlib=rb-1.2.1&ixid=eyJhcHBfaWQiOjEyMDd9&auto=format&fit=crop&w=500&q=60"
          />
        </div>
      </div>
    </div>
  </section>
  <footer>
    Â© EJ Gonzalez 2019
  </footer>
</div>
`;
