// Jest Snapshot v1, https://goo.gl/fbAQLP

exports[`Find component renders a Find page by default 1`] = `
<div>
  <Navbar />
  <div
    className="findContainer"
  >
    <div
      className="sidebar"
    >
      <h2>
        Sort
      </h2>
      <div>
        <form
          className="dogSizeFilter"
        >
          <label>
            Dog Size
          </label>
          <div>
            <input
              checked={false}
              name="size"
              onChange={[Function]}
              type="radio"
              value="Small"
            />
            <label
              htmlFor="small"
            >
              Small
            </label>
          </div>
          <div>
            <input
              checked={false}
              name="size"
              onChange={[Function]}
              type="radio"
              value="Medium"
            />
            <label
              htmlFor="medium"
            >
              Medium
            </label>
          </div>
          <div>
            <input
              checked={false}
              name="size"
              onChange={[Function]}
              type="radio"
              value="Large"
            />
            <label
              htmlFor="large"
            >
              Large
            </label>
          </div>
          <div>
            <input
              id="filterButton"
              name="size"
              onClick={[Function]}
              type="button"
              value="Clear"
            />
          </div>
        </form>
      </div>
      <div>
        <label
          className="AreaCode"
        >
          Area Code
        </label>
        <select
          className="zipCodes"
          name="category"
          onChange={[Function]}
        />
      </div>
      <div
        className="addPup"
      >
        <Link
          to="/create"
        >
          + Add Pup
        </Link>
      </div>
    </div>
    <div
      className="lostdogs"
    >
      <h2>
        Lost Pups
      </h2>
      <div
        className="dogContainer"
      />
    </div>
  </div>
  <footer>
    Â© EJ Gonzalez 2019
  </footer>
</div>
`;
