// Jest Snapshot v1, https://goo.gl/fbAQLP

exports[`MakeComment component renders a MakeComment page by default 1`] = `
<li>
  <h4 />
  <p />
  <p
    id="comment_date"
  />
</li>
`;
