// Jest Snapshot v1, https://goo.gl/fbAQLP

exports[`Login component renders a Login page by default 1`] = `
<div>
  <Navbar />
  <section
    className="loginBG"
  >
    <div>
      <form
        className="login"
        onSubmit={[Function]}
      >
        <section
          className="loginError"
          role="alert"
        />
        <img
          alt="paw"
          src="paw.png"
        />
        <label>
          Username
        </label>
        <input
          name="user_name"
          placeholder="puppy_lover132"
          required={true}
          type="user_name"
        />
        <label>
          Password
        </label>
        <input
          name="password"
          placeholder="********"
          required={true}
          type="password"
        />
        <button
          type="submit"
        >
          SignIn
        </button>
      </form>
      <Link
        to="/register"
      >
        Sign Up
      </Link>
    </div>
  </section>
  <footer>
    Â© EJ Gonzalez 2019
  </footer>
</div>
`;
