// Jest Snapshot v1, https://goo.gl/fbAQLP

exports[`Profile component renders a Profile page by default 1`] = `
<div>
  <Navbar />
  <div
    className="profile_page"
  >
    <div
      className="profile"
    >
      <h2>
        WELCOME
      </h2>
      <h3 />
    </div>
    <div
      className="Post"
    >
      <h2
        id="yourPost"
      >
        Your Posts
      </h2>
      <div
        className="userPosts"
      />
    </div>
  </div>
  <footer>
    Â© EJ Gonzalez 2019
  </footer>
</div>
`;
